<?xml version='1.0' encoding='US-ASCII'?>
<mstns:BIF VERSION="0" xmlns:mstns="http://localhost/xml/model.xsd">
  <mstns:HEADER>
    <mstns:NAME>Nova BN</mstns:NAME>
    <mstns:VERSION>1</mstns:VERSION>
    <mstns:CREATOR>UnBBayes</mstns:CREATOR>
  </mstns:HEADER>
  <mstns:STATICPROPERTY>
    <mstns:NODESIZE>0</mstns:NODESIZE>
    <mstns:NODEFONTSIZE>0</mstns:NODEFONTSIZE>
    <mstns:COLORUTILITY>-16711681</mstns:COLORUTILITY>
    <mstns:COLORDECISION>-14336</mstns:COLORDECISION>
    <mstns:COLORPROBDESCRIPTION>-256</mstns:COLORPROBDESCRIPTION>
    <mstns:COLORPROBEXPLANATION>-16711936</mstns:COLORPROBEXPLANATION>
  </mstns:STATICPROPERTY>
  <mstns:HIERARCHY>
    <mstns:ROOT NAME="root">
      <mstns:LEVEL NAME="C0"/>
      <mstns:LEVEL NAME="C1"/>
      <mstns:LEVEL NAME="C2"/>
      <mstns:LEVEL NAME="C3"/>
      <mstns:LEVEL NAME="C4"/>
      <mstns:LEVEL NAME="C5"/>
      <mstns:LEVEL NAME="C6"/>
      <mstns:LEVEL NAME="C7"/>
      <mstns:LEVEL NAME="C8"/>
      <mstns:LEVEL NAME="C9"/>
      <mstns:LEVEL NAME="C10"/>
      <mstns:LEVEL NAME="C11"/>
      <mstns:LEVEL NAME="C12"/>
      <mstns:LEVEL NAME="C13"/>
      <mstns:LEVEL NAME="C14"/>
      <mstns:LEVEL NAME="C15"/>
    </mstns:ROOT>
  </mstns:HIERARCHY>
  <mstns:NETWORK>
    <mstns:VARIABLES>
      <mstns:VAR YPOS="411" XPOS="495" TYPE="discrete" NAME="CloakMode_St4">
        <mstns:LABEL>C0</mstns:LABEL>
        <mstns:STATENAME>Estado 0</mstns:STATENAME>
      </mstns:VAR>
      <mstns:VAR YPOS="341" XPOS="382" TYPE="discrete" NAME="StarshipClass_St4">
        <mstns:LABEL>C1</mstns:LABEL>
        <mstns:STATENAME>Estado 0</mstns:STATENAME>
      </mstns:VAR>
      <mstns:VAR YPOS="255" XPOS="485" TYPE="discrete" NAME="OperatorSpecies_St4">
        <mstns:LABEL>C2</mstns:LABEL>
        <mstns:STATENAME>Estado 0</mstns:STATENAME>
      </mstns:VAR>
      <mstns:VAR YPOS="208" XPOS="278" TYPE="discrete" NAME="ZoneFShips_Z1">
        <mstns:LABEL>C3</mstns:LABEL>
        <mstns:STATENAME>Estado 0</mstns:STATENAME>
      </mstns:VAR>
      <mstns:VAR YPOS="160" XPOS="306" TYPE="discrete" NAME="ZoneFShips_Z2">
        <mstns:LABEL>C4</mstns:LABEL>
        <mstns:STATENAME>Estado 0</mstns:STATENAME>
      </mstns:VAR>
      <mstns:VAR YPOS="122" XPOS="360" TYPE="discrete" NAME="ZoneFShips_Z3">
        <mstns:LABEL>C5</mstns:LABEL>
        <mstns:STATENAME>Estado 0</mstns:STATENAME>
      </mstns:VAR>
      <mstns:VAR YPOS="95" XPOS="419" TYPE="discrete" NAME="ZoneFShips_Z4">
        <mstns:LABEL>C6</mstns:LABEL>
        <mstns:STATENAME>Estado 0</mstns:STATENAME>
      </mstns:VAR>
      <mstns:VAR YPOS="250" XPOS="256" TYPE="discrete" NAME="StarshipZone_St4_z">
        <mstns:LABEL>C7</mstns:LABEL>
        <mstns:STATENAME>Estado 0</mstns:STATENAME>
      </mstns:VAR>
      <mstns:VAR YPOS="81" XPOS="559" TYPE="discrete" NAME="ZoneEShips_Z1">
        <mstns:LABEL>C8</mstns:LABEL>
        <mstns:STATENAME>Estado 0</mstns:STATENAME>
      </mstns:VAR>
      <mstns:VAR YPOS="114" XPOS="609" TYPE="discrete" NAME="ZoneEShips_Z3">
        <mstns:LABEL>C9</mstns:LABEL>
        <mstns:STATENAME>Estado 0</mstns:STATENAME>
      </mstns:VAR>
      <mstns:VAR YPOS="155" XPOS="651" TYPE="discrete" NAME="ZoneEShips_Z2">
        <mstns:LABEL>C10</mstns:LABEL>
        <mstns:STATENAME>Estado 0</mstns:STATENAME>
      </mstns:VAR>
      <mstns:VAR YPOS="189" XPOS="696" TYPE="discrete" NAME="ZoneEShips_Z4">
        <mstns:LABEL>C11</mstns:LABEL>
        <mstns:STATENAME>Estado 0</mstns:STATENAME>
      </mstns:VAR>
      <mstns:VAR YPOS="64" XPOS="187" TYPE="discrete" NAME="ZoneNature_Z1">
        <mstns:LABEL>C12</mstns:LABEL>
        <mstns:STATENAME>Estado 0</mstns:STATENAME>
      </mstns:VAR>
      <mstns:VAR YPOS="24" XPOS="315" TYPE="discrete" NAME="ZoneNature_Z2">
        <mstns:LABEL>C13</mstns:LABEL>
        <mstns:STATENAME>Estado 0</mstns:STATENAME>
      </mstns:VAR>
      <mstns:VAR YPOS="17" XPOS="599" TYPE="discrete" NAME="ZoneNature_Z3">
        <mstns:LABEL>C14</mstns:LABEL>
        <mstns:STATENAME>Estado 0</mstns:STATENAME>
      </mstns:VAR>
      <mstns:VAR YPOS="102" XPOS="788" TYPE="discrete" NAME="ZoneNature_Z4">
        <mstns:LABEL>C15</mstns:LABEL>
        <mstns:STATENAME>Estado 0</mstns:STATENAME>
      </mstns:VAR>
    </mstns:VARIABLES>
    <mstns:STRUCTURE>
      <mstns:ARC CHILD="CloakMode_St4" PARENT="StarshipClass_St4"/>
      <mstns:ARC CHILD="CloakMode_St4" PARENT="OperatorSpecies_St4"/>
      <mstns:ARC CHILD="StarshipClass_St4" PARENT="OperatorSpecies_St4"/>
      <mstns:ARC CHILD="OperatorSpecies_St4" PARENT="StarshipZone_St4_z"/>
      <mstns:ARC CHILD="OperatorSpecies_St4" PARENT="ZoneFShips_Z1"/>
      <mstns:ARC CHILD="OperatorSpecies_St4" PARENT="ZoneFShips_Z2"/>
      <mstns:ARC CHILD="OperatorSpecies_St4" PARENT="ZoneFShips_Z3"/>
      <mstns:ARC CHILD="OperatorSpecies_St4" PARENT="ZoneFShips_Z4"/>
      <mstns:ARC CHILD="OperatorSpecies_St4" PARENT="ZoneEShips_Z1"/>
      <mstns:ARC CHILD="OperatorSpecies_St4" PARENT="ZoneEShips_Z3"/>
      <mstns:ARC CHILD="OperatorSpecies_St4" PARENT="ZoneEShips_Z2"/>
      <mstns:ARC CHILD="OperatorSpecies_St4" PARENT="ZoneEShips_Z4"/>
      <mstns:ARC CHILD="ZoneFShips_Z1" PARENT="ZoneNature_Z1"/>
      <mstns:ARC CHILD="ZoneFShips_Z2" PARENT="ZoneNature_Z2"/>
      <mstns:ARC CHILD="ZoneFShips_Z3" PARENT="ZoneNature_Z3"/>
      <mstns:ARC CHILD="ZoneFShips_Z4" PARENT="ZoneNature_Z4"/>
      <mstns:ARC CHILD="ZoneEShips_Z1" PARENT="ZoneNature_Z1"/>
      <mstns:ARC CHILD="ZoneEShips_Z3" PARENT="ZoneNature_Z3"/>
      <mstns:ARC CHILD="ZoneEShips_Z2" PARENT="ZoneNature_Z2"/>
      <mstns:ARC CHILD="ZoneEShips_Z4" PARENT="ZoneNature_Z4"/>
    </mstns:STRUCTURE>
    <mstns:POTENTIAL>
      <mstns:POT>
        <mstns:PRIVATE NAME="CloakMode_St4"/>
        <mstns:CONDSET>
          <mstns:CONDLEM NAME="StarshipClass_St4"/>
          <mstns:CONDLEM NAME="OperatorSpecies_St4"/>
        </mstns:CONDSET>
        <mstns:DPIS>
          <mstns:DPI INDEXES="0">1.0</mstns:DPI>
        </mstns:DPIS>
      </mstns:POT>
      <mstns:POT>
        <mstns:PRIVATE NAME="StarshipClass_St4"/>
        <mstns:CONDSET>
          <mstns:CONDLEM NAME="OperatorSpecies_St4"/>
        </mstns:CONDSET>
        <mstns:DPIS>
          <mstns:DPI INDEXES="0">1.0</mstns:DPI>
        </mstns:DPIS>
      </mstns:POT>
      <mstns:POT>
        <mstns:PRIVATE NAME="OperatorSpecies_St4"/>
        <mstns:CONDSET>
          <mstns:CONDLEM NAME="StarshipZone_St4_z"/>
          <mstns:CONDLEM NAME="ZoneFShips_Z1"/>
          <mstns:CONDLEM NAME="ZoneFShips_Z2"/>
          <mstns:CONDLEM NAME="ZoneFShips_Z3"/>
          <mstns:CONDLEM NAME="ZoneFShips_Z4"/>
          <mstns:CONDLEM NAME="ZoneEShips_Z1"/>
          <mstns:CONDLEM NAME="ZoneEShips_Z3"/>
          <mstns:CONDLEM NAME="ZoneEShips_Z2"/>
          <mstns:CONDLEM NAME="ZoneEShips_Z4"/>
        </mstns:CONDSET>
        <mstns:DPIS>
          <mstns:DPI INDEXES="0">1.0</mstns:DPI>
        </mstns:DPIS>
      </mstns:POT>
      <mstns:POT>
        <mstns:PRIVATE NAME="ZoneFShips_Z1"/>
        <mstns:CONDSET>
          <mstns:CONDLEM NAME="ZoneNature_Z1"/>
        </mstns:CONDSET>
        <mstns:DPIS>
          <mstns:DPI INDEXES="0">1.0</mstns:DPI>
        </mstns:DPIS>
      </mstns:POT>
      <mstns:POT>
        <mstns:PRIVATE NAME="ZoneFShips_Z2"/>
        <mstns:CONDSET>
          <mstns:CONDLEM NAME="ZoneNature_Z2"/>
        </mstns:CONDSET>
        <mstns:DPIS>
          <mstns:DPI INDEXES="0">1.0</mstns:DPI>
        </mstns:DPIS>
      </mstns:POT>
      <mstns:POT>
        <mstns:PRIVATE NAME="ZoneFShips_Z3"/>
        <mstns:CONDSET>
          <mstns:CONDLEM NAME="ZoneNature_Z3"/>
        </mstns:CONDSET>
        <mstns:DPIS>
          <mstns:DPI INDEXES="0">1.0</mstns:DPI>
        </mstns:DPIS>
      </mstns:POT>
      <mstns:POT>
        <mstns:PRIVATE NAME="ZoneFShips_Z4"/>
        <mstns:CONDSET>
          <mstns:CONDLEM NAME="ZoneNature_Z4"/>
        </mstns:CONDSET>
        <mstns:DPIS>
          <mstns:DPI INDEXES="0">1.0</mstns:DPI>
        </mstns:DPIS>
      </mstns:POT>
      <mstns:POT>
        <mstns:PRIVATE NAME="StarshipZone_St4_z"/>
        <mstns:CONDSET/>
        <mstns:DPIS>
          <mstns:DPI INDEXES="0">1.0</mstns:DPI>
        </mstns:DPIS>
      </mstns:POT>
      <mstns:POT>
        <mstns:PRIVATE NAME="ZoneEShips_Z1"/>
        <mstns:CONDSET>
          <mstns:CONDLEM NAME="ZoneNature_Z1"/>
        </mstns:CONDSET>
        <mstns:DPIS>
          <mstns:DPI INDEXES="0">1.0</mstns:DPI>
        </mstns:DPIS>
      </mstns:POT>
      <mstns:POT>
        <mstns:PRIVATE NAME="ZoneEShips_Z3"/>
        <mstns:CONDSET>
          <mstns:CONDLEM NAME="ZoneNature_Z3"/>
        </mstns:CONDSET>
        <mstns:DPIS>
          <mstns:DPI INDEXES="0">1.0</mstns:DPI>
        </mstns:DPIS>
      </mstns:POT>
      <mstns:POT>
        <mstns:PRIVATE NAME="ZoneEShips_Z2"/>
        <mstns:CONDSET>
          <mstns:CONDLEM NAME="ZoneNature_Z2"/>
        </mstns:CONDSET>
        <mstns:DPIS>
          <mstns:DPI INDEXES="0">1.0</mstns:DPI>
        </mstns:DPIS>
      </mstns:POT>
      <mstns:POT>
        <mstns:PRIVATE NAME="ZoneEShips_Z4"/>
        <mstns:CONDSET>
          <mstns:CONDLEM NAME="ZoneNature_Z4"/>
        </mstns:CONDSET>
        <mstns:DPIS>
          <mstns:DPI INDEXES="0">1.0</mstns:DPI>
        </mstns:DPIS>
      </mstns:POT>
      <mstns:POT>
        <mstns:PRIVATE NAME="ZoneNature_Z1"/>
        <mstns:CONDSET/>
        <mstns:DPIS>
          <mstns:DPI INDEXES="0">1.0</mstns:DPI>
        </mstns:DPIS>
      </mstns:POT>
      <mstns:POT>
        <mstns:PRIVATE NAME="ZoneNature_Z2"/>
        <mstns:CONDSET/>
        <mstns:DPIS>
          <mstns:DPI INDEXES="0">1.0</mstns:DPI>
        </mstns:DPIS>
      </mstns:POT>
      <mstns:POT>
        <mstns:PRIVATE NAME="ZoneNature_Z3"/>
        <mstns:CONDSET/>
        <mstns:DPIS>
          <mstns:DPI INDEXES="0">1.0</mstns:DPI>
        </mstns:DPIS>
      </mstns:POT>
      <mstns:POT>
        <mstns:PRIVATE NAME="ZoneNature_Z4"/>
        <mstns:CONDSET/>
        <mstns:DPIS>
          <mstns:DPI INDEXES="0">1.0</mstns:DPI>
        </mstns:DPIS>
      </mstns:POT>
    </mstns:POTENTIAL>
  </mstns:NETWORK>
</mstns:BIF>