<?xml version='1.0' encoding='US-ASCII'?>
<mstns:BIF VERSION="0" xmlns:mstns="http://localhost/xml/model.xsd">
  <mstns:HEADER>
    <mstns:NAME>Nova BN</mstns:NAME>
    <mstns:VERSION>1</mstns:VERSION>
    <mstns:CREATOR>UnBBayes</mstns:CREATOR>
  </mstns:HEADER>
  <mstns:STATICPROPERTY>
    <mstns:NODESIZE>0</mstns:NODESIZE>
    <mstns:NODEFONTSIZE>0</mstns:NODEFONTSIZE>
    <mstns:COLORUTILITY>-16711681</mstns:COLORUTILITY>
    <mstns:COLORDECISION>-14336</mstns:COLORDECISION>
    <mstns:COLORPROBDESCRIPTION>-256</mstns:COLORPROBDESCRIPTION>
    <mstns:COLORPROBEXPLANATION>-16711936</mstns:COLORPROBEXPLANATION>
  </mstns:STATICPROPERTY>
  <mstns:HIERARCHY>
    <mstns:ROOT NAME="root">
      <mstns:LEVEL NAME="C0"/>
      <mstns:LEVEL NAME="C1"/>
      <mstns:LEVEL NAME="C2"/>
      <mstns:LEVEL NAME="C3"/>
      <mstns:LEVEL NAME="C4"/>
      <mstns:LEVEL NAME="C5"/>
      <mstns:LEVEL NAME="C6"/>
      <mstns:LEVEL NAME="C7"/>
      <mstns:LEVEL NAME="C8"/>
      <mstns:LEVEL NAME="C9"/>
      <mstns:LEVEL NAME="C10"/>
      <mstns:LEVEL NAME="C11"/>
      <mstns:LEVEL NAME="C12"/>
      <mstns:LEVEL NAME="C13"/>
      <mstns:LEVEL NAME="C14"/>
      <mstns:LEVEL NAME="C15"/>
    </mstns:ROOT>
  </mstns:HIERARCHY>
  <mstns:NETWORK>
    <mstns:VARIABLES>
      <mstns:VAR YPOS="415" XPOS="498" TYPE="discrete" NAME="CloakMode_St3">
        <mstns:LABEL>C0</mstns:LABEL>
        <mstns:STATENAME>Estado 0</mstns:STATENAME>
      </mstns:VAR>
      <mstns:VAR YPOS="341" XPOS="382" TYPE="discrete" NAME="StarshipClass_St3">
        <mstns:LABEL>C1</mstns:LABEL>
        <mstns:STATENAME>Estado 0</mstns:STATENAME>
      </mstns:VAR>
      <mstns:VAR YPOS="255" XPOS="485" TYPE="discrete" NAME="OperatorSpecies_St3">
        <mstns:LABEL>C2</mstns:LABEL>
        <mstns:STATENAME>Estado 0</mstns:STATENAME>
      </mstns:VAR>
      <mstns:VAR YPOS="187" XPOS="332" TYPE="discrete" NAME="ZoneFShips_Z1">
        <mstns:LABEL>C3</mstns:LABEL>
        <mstns:STATENAME>Estado 0</mstns:STATENAME>
      </mstns:VAR>
      <mstns:VAR YPOS="160" XPOS="636" TYPE="discrete" NAME="ZoneEShips_Z1">
        <mstns:LABEL>C8</mstns:LABEL>
        <mstns:STATENAME>Estado 0</mstns:STATENAME>
      </mstns:VAR>
      <mstns:VAR YPOS="64" XPOS="492" TYPE="discrete" NAME="ZoneNature_Z1">
        <mstns:LABEL>C12</mstns:LABEL>
        <mstns:STATENAME>Estado 0</mstns:STATENAME>
      </mstns:VAR>
      <mstns:VAR YPOS="420" XPOS="161" TYPE="discrete" NAME="HarmPotential_St3_T3">
        <mstns:LABEL>C6</mstns:LABEL>
        <mstns:STATENAME>Estado 0</mstns:STATENAME>
      </mstns:VAR>
      <mstns:VAR YPOS="331" XPOS="161" TYPE="discrete" NAME="DistFromOwn_St3_T3">
        <mstns:LABEL>C7</mstns:LABEL>
        <mstns:STATENAME>Estado 0</mstns:STATENAME>
      </mstns:VAR>
      <mstns:VAR YPOS="229" XPOS="161" TYPE="discrete" NAME="DistFromOwn_St3_T2">
        <mstns:LABEL>C8</mstns:LABEL>
        <mstns:STATENAME>Estado 0</mstns:STATENAME>
      </mstns:VAR>
      <mstns:VAR YPOS="127" XPOS="163" TYPE="discrete" NAME="DistFromOwn_St3_T1">
        <mstns:LABEL>C9</mstns:LABEL>
        <mstns:STATENAME>Estado 0</mstns:STATENAME>
      </mstns:VAR>
      <mstns:VAR YPOS="24" XPOS="166" TYPE="discrete" NAME="DistFromOwn_St3_T0">
        <mstns:LABEL>C10</mstns:LABEL>
        <mstns:STATENAME>Estado 0</mstns:STATENAME>
      </mstns:VAR>
    </mstns:VARIABLES>
    <mstns:STRUCTURE>
      <mstns:ARC CHILD="CloakMode_St3" PARENT="StarshipClass_St3"/>
      <mstns:ARC CHILD="CloakMode_St3" PARENT="OperatorSpecies_St3"/>
      <mstns:ARC CHILD="StarshipClass_St3" PARENT="OperatorSpecies_St3"/>
      <mstns:ARC CHILD="OperatorSpecies_St3" PARENT="ZoneFShips_Z1"/>
      <mstns:ARC CHILD="OperatorSpecies_St3" PARENT="ZoneEShips_Z1"/>
      <mstns:ARC CHILD="ZoneFShips_Z1" PARENT="ZoneNature_Z1"/>
      <mstns:ARC CHILD="ZoneEShips_Z1" PARENT="ZoneNature_Z1"/>
      <mstns:ARC CHILD="HarmPotential_St3_T3" PARENT="DistFromOwn_St3_T3"/>
      <mstns:ARC CHILD="HarmPotential_St3_T3" PARENT="StarshipClass_St3"/>
      <mstns:ARC CHILD="DistFromOwn_St3_T3" PARENT="DistFromOwn_St3_T2"/>
      <mstns:ARC CHILD="DistFromOwn_St3_T2" PARENT="DistFromOwn_St3_T1"/>
      <mstns:ARC CHILD="DistFromOwn_St3_T1" PARENT="DistFromOwn_St3_T0"/>
    </mstns:STRUCTURE>
    <mstns:POTENTIAL>
      <mstns:POT>
        <mstns:PRIVATE NAME="CloakMode_St3"/>
        <mstns:CONDSET>
          <mstns:CONDLEM NAME="StarshipClass_St3"/>
          <mstns:CONDLEM NAME="OperatorSpecies_St3"/>
        </mstns:CONDSET>
        <mstns:DPIS>
          <mstns:DPI INDEXES="0">1.0</mstns:DPI>
        </mstns:DPIS>
      </mstns:POT>
      <mstns:POT>
        <mstns:PRIVATE NAME="StarshipClass_St3"/>
        <mstns:CONDSET>
          <mstns:CONDLEM NAME="OperatorSpecies_St3"/>
        </mstns:CONDSET>
        <mstns:DPIS>
          <mstns:DPI INDEXES="0">1.0</mstns:DPI>
        </mstns:DPIS>
      </mstns:POT>
      <mstns:POT>
        <mstns:PRIVATE NAME="OperatorSpecies_St3"/>
        <mstns:CONDSET>
          <mstns:CONDLEM NAME="ZoneFShips_Z1"/>
          <mstns:CONDLEM NAME="ZoneEShips_Z1"/>
        </mstns:CONDSET>
        <mstns:DPIS>
          <mstns:DPI INDEXES="0">1.0</mstns:DPI>
        </mstns:DPIS>
      </mstns:POT>
      <mstns:POT>
        <mstns:PRIVATE NAME="ZoneFShips_Z1"/>
        <mstns:CONDSET>
          <mstns:CONDLEM NAME="ZoneNature_Z1"/>
        </mstns:CONDSET>
        <mstns:DPIS>
          <mstns:DPI INDEXES="0">1.0</mstns:DPI>
        </mstns:DPIS>
      </mstns:POT>
      <mstns:POT>
        <mstns:PRIVATE NAME="ZoneEShips_Z1"/>
        <mstns:CONDSET>
          <mstns:CONDLEM NAME="ZoneNature_Z1"/>
        </mstns:CONDSET>
        <mstns:DPIS>
          <mstns:DPI INDEXES="0">1.0</mstns:DPI>
        </mstns:DPIS>
      </mstns:POT>
      <mstns:POT>
        <mstns:PRIVATE NAME="ZoneNature_Z1"/>
        <mstns:CONDSET/>
        <mstns:DPIS>
          <mstns:DPI INDEXES="0">1.0</mstns:DPI>
        </mstns:DPIS>
      </mstns:POT>
      <mstns:POT>
        <mstns:PRIVATE NAME="HarmPotential_St3_T3"/>
        <mstns:CONDSET>
          <mstns:CONDLEM NAME="DistFromOwn_St3_T3"/>
          <mstns:CONDLEM NAME="StarshipClass_St3"/>
        </mstns:CONDSET>
        <mstns:DPIS>
          <mstns:DPI INDEXES="0">1.0</mstns:DPI>
        </mstns:DPIS>
      </mstns:POT>
      <mstns:POT>
        <mstns:PRIVATE NAME="DistFromOwn_St3_T3"/>
        <mstns:CONDSET>
          <mstns:CONDLEM NAME="DistFromOwn_St3_T2"/>
        </mstns:CONDSET>
        <mstns:DPIS>
          <mstns:DPI INDEXES="0">1.0</mstns:DPI>
        </mstns:DPIS>
      </mstns:POT>
      <mstns:POT>
        <mstns:PRIVATE NAME="DistFromOwn_St3_T2"/>
        <mstns:CONDSET>
          <mstns:CONDLEM NAME="DistFromOwn_St3_T1"/>
        </mstns:CONDSET>
        <mstns:DPIS>
          <mstns:DPI INDEXES="0">1.0</mstns:DPI>
        </mstns:DPIS>
      </mstns:POT>
      <mstns:POT>
        <mstns:PRIVATE NAME="DistFromOwn_St3_T1"/>
        <mstns:CONDSET>
          <mstns:CONDLEM NAME="DistFromOwn_St3_T0"/>
        </mstns:CONDSET>
        <mstns:DPIS>
          <mstns:DPI INDEXES="0">1.0</mstns:DPI>
        </mstns:DPIS>
      </mstns:POT>
      <mstns:POT>
        <mstns:PRIVATE NAME="DistFromOwn_St3_T0"/>
        <mstns:CONDSET/>
        <mstns:DPIS>
          <mstns:DPI INDEXES="0">1.0</mstns:DPI>
        </mstns:DPIS>
      </mstns:POT>
    </mstns:POTENTIAL>
  </mstns:NETWORK>
</mstns:BIF>